Source: ../api.sql
select value, jiff_date_weekday_idx(value)
from json_each('[
  "2024-01-13","2024-01-14","2024-01-15","2024-01-16",
  "2024-01-17","2024-01-18","2024-01-19"
]');
---
{
	 value: '2024-01-13'
	 jiff_date_weekday_idx(value): 5
}
{
	 value: '2024-01-14'
	 jiff_date_weekday_idx(value): 6
}
{
	 value: '2024-01-15'
	 jiff_date_weekday_idx(value): 0
}
{
	 value: '2024-01-16'
	 jiff_date_weekday_idx(value): 1
}
{
	 value: '2024-01-17'
	 jiff_date_weekday_idx(value): 2
}
{
	 value: '2024-01-18'
	 jiff_date_weekday_idx(value): 3
}
{
	 value: '2024-01-19'
	 jiff_date_weekday_idx(value): 4
}

