Source: ../snapshot.sql
with test_cases(value) as (
  VALUES
    ('2024-11-02T01:59:59[America/Los_Angeles]'),
    ('2024-11-02T02:00:01[America/New_York]'),
    ('2024-11-02T02:00:01[+00:40:00]')
)
select value
from test_cases
order by value collate jiff_zoned_cmp;
---
{
	 value: '2024-11-02T02:00:01[America/New_York]'
}
{
	 value: '2024-11-02T01:59:59[America/Los_Angeles]'
}
{
	 value: '2024-11-02T02:00:01[+00:40:00]'
}

